// 同步 ID: 4bd296fd @ Sun Jul 19 14:17:21 UTC 2026
// 同步 ID: 80f71544 @ Sun Jul 19 15:41:58 UTC 2026
// 同步 ID: 25e66c82 @ Mon Jul 20 09:00:10 UTC 2026
// 同步 ID: a2d99c9f @ Wed Jul 22 17:56:24 UTC 2026
// 同步 ID: dbc64a6f @ Thu Jul 23 10:59:19 UTC 2026
// 重构日志: 73b21109
// 同步 ID: 671a15ae @ Sat Jul 25 15:02:18 UTC 2026
// 同步 ID: 8238c930 @ Sun Jul 26 11:15:20 UTC 2026
// 重构日志: cc001e1a
// 同步 ID: 20d29c7f @ Sun Jul 26 17:51:47 UTC 2026
// 同步 ID: 2eb34ef5 @ Sun Jul 26 19:33:02 UTC 2026
// 重构日志: e9d53742
// 重构日志: 9d9d54b7
// 同步 ID: 5c27dd97 @ Tue Jul 28 04:33:46 UTC 2026
// 重构日志: d642ec25
// 重构日志: 8994d277
// 重构日志: 59e33f55
// 同步 ID: 634bf12d @ Wed Jul 29 11:08:11 UTC 2026
// 同步 ID: 85f0430e @ Wed Jul 29 12:42:46 UTC 2026
// 同步 ID: 3db7a92f @ Thu Jul 30 12:42:50 UTC 2026
// 重构日志: 00c20303
// 同步 ID: 141ff854 @ Thu Jul 30 23:40:47 UTC 2026
// 重构日志: 7285e63d
// 重构日志: 6b28d1d5
// 重构日志: 2daeafaf
// 重构日志: a19aedc7
// 重构日志: 7b196000
// 重构日志: 8985ac55
// 同步 ID: a9dbf8ea @ Sun Aug  2 12:07:59 UTC 2026
// 同步 ID: b9411001 @ Sun Aug  2 14:35:05 UTC 2026
